2026-07-21 23:10:33 | <- fun returned None
2026-07-21 23:10:33 | |  <- chain returned None
2026-07-21 23:10:33 | |  |  <- chain returned None
2026-07-21 23:10:33 | |  |  |  <- chain returned None
2026-07-21 23:10:33 | |  |  |  |  <- add returned None
2026-07-21 23:10:33 | |  |  |  <- add returned None
2026-07-21 23:10:33 | |  |  <- add returned None
2026-07-21 23:10:33 | <- fib returned None
2026-07-21 23:10:33 | |  <- fib returned None
2026-07-21 23:10:33 | |  <- fib returned None
2026-07-21 23:10:33 | |  |  <- fib returned None
2026-07-21 23:10:33 | |  |  <- fib returned None
2026-07-21 23:12:52 | <- fun returned None
2026-07-21 23:12:52 | |  <- chain returned None
2026-07-21 23:12:52 | |  |  <- chain returned None
2026-07-21 23:12:52 | |  |  |  <- chain returned None
2026-07-21 23:12:52 | |  |  |  |  <- add returned None
2026-07-21 23:12:52 | |  |  |  <- add returned None
2026-07-21 23:12:52 | |  |  <- add returned None
2026-07-21 23:12:52 | <- fib returned None
2026-07-21 23:12:52 | |  <- fib returned None
2026-07-21 23:12:52 | |  <- fib returned None
2026-07-21 23:12:52 | |  |  <- fib returned None
2026-07-21 23:12:52 | |  |  <- fib returned None
2026-07-22 09:46:35 | <- fun returned None
2026-07-22 09:46:35 | |  <- chain returned None
2026-07-22 09:46:35 | |  |  <- chain returned None
2026-07-22 09:46:35 | |  |  |  <- chain returned None
2026-07-22 09:46:35 | |  |  |  |  <- add returned None
2026-07-22 09:46:35 | |  |  |  |  |  <- add returned 2 | cost=0.000025s
2026-07-22 09:46:35 | |  |  |  |  <- chain returned 2 | cost=0.000056s
2026-07-22 09:46:35 | |  |  |  <- add returned None
2026-07-22 09:46:35 | |  |  |  |  <- add returned 4 | cost=0.000013s
2026-07-22 09:46:35 | |  |  |  <- chain returned 4
2026-07-22 09:46:35 | |  |  <- add returned None
2026-07-22 09:46:35 | |  |  |  <- add returned 7 | cost=0.000012s
2026-07-22 09:46:35 | |  |  <- chain returned 7
2026-07-22 09:46:35 | |  <- fun returned 7 | cost=0.000472s
2026-07-22 09:46:58 | <- fun returned None
2026-07-22 09:46:58 | |  <- chain returned None
2026-07-22 09:46:58 | |  |  <- chain returned None
2026-07-22 09:46:58 | |  |  |  <- chain returned None
2026-07-22 09:46:58 | |  |  |  |  <- add returned None
2026-07-22 09:46:58 | |  |  |  |  |  <- add returned 2 | cost=0.000037s
2026-07-22 09:46:58 | |  |  |  |  <- chain returned 2 | cost=0.000133s
2026-07-22 09:46:58 | |  |  |  <- add returned None
2026-07-22 09:46:58 | |  |  |  |  <- add returned 4 | cost=0.000034s
2026-07-22 09:46:58 | |  |  |  <- chain returned 4
2026-07-22 09:46:58 | |  |  <- add returned None
2026-07-22 09:46:58 | |  |  |  <- add returned 7 | cost=0.000031s
2026-07-22 09:46:58 | |  |  <- chain returned 7
2026-07-22 09:46:58 | |  <- fun returned 7 | cost=0.000617s
2026-07-22 09:46:58 | <- fib returned None
2026-07-22 09:46:58 | |  <- fib returned None
2026-07-22 09:46:58 | |  |  <- fib returned 1 | cost=0.000033s
2026-07-22 09:46:58 | |  <- fib returned None
2026-07-22 09:46:58 | |  |  <- fib returned None
2026-07-22 09:46:58 | |  |  |  <- fib returned 0 | cost=0.000034s
2026-07-22 09:46:58 | |  |  <- fib returned None
2026-07-22 09:46:58 | |  |  |  <- fib returned 1 | cost=0.000031s
2026-07-22 09:46:58 | |  |  <- fib returned 1
2026-07-22 09:46:58 | |  <- fib returned 2
2026-07-22 09:50:26 | -> fun()
2026-07-22 09:50:26 | |  -> chain(n=3)
2026-07-22 09:50:26 | |  |  -> chain(n=2)
2026-07-22 09:50:26 | |  |  |  -> chain(n=1)
2026-07-22 09:50:26 | |  |  |  |  -> add(x=1, y=1)
2026-07-22 09:50:26 | |  |  |  |  |  <- add returned 2 | cost=0.000019s
2026-07-22 09:50:26 | |  |  |  |  <- chain returned 2 | cost=0.000063s
2026-07-22 09:50:26 | |  |  |  -> add(x=2, y=2)
2026-07-22 09:50:26 | |  |  |  |  <- add returned 4 | cost=0.000017s
2026-07-22 09:50:26 | |  |  |  <- chain returned 4
2026-07-22 09:50:26 | |  |  -> add(x=3, y=4)
2026-07-22 09:50:26 | |  |  |  <- add returned 7 | cost=0.000017s
2026-07-22 09:50:26 | |  |  <- chain returned 7
2026-07-22 09:50:26 | |  <- fun returned 7 | cost=0.000311s
2026-07-22 09:50:26 | -> fib(n=3)
2026-07-22 09:50:26 | |  -> fib(n=1)
2026-07-22 09:50:26 | |  |  <- fib returned 1 | cost=0.000028s
2026-07-22 09:50:26 | |  -> fib(n=2)
2026-07-22 09:50:26 | |  |  -> fib(n=0)
2026-07-22 09:50:26 | |  |  |  <- fib returned 0 | cost=0.000017s
2026-07-22 09:50:26 | |  |  -> fib(n=1)
2026-07-22 09:50:26 | |  |  |  <- fib returned 1 | cost=0.000016s
2026-07-22 09:50:26 | |  |  <- fib returned 1
2026-07-22 09:50:26 | |  <- fib returned 2
2026-07-22 09:52:36 | -> fun()
2026-07-22 09:52:36 | |  -> chain(n=3)
2026-07-22 09:52:36 | |  |  -> chain(n=2)
2026-07-22 09:52:36 | |  |  |  -> chain(n=1)
2026-07-22 09:52:36 | |  |  |  |  -> add(x=1, y=1)
2026-07-22 09:52:36 | |  |  |  |  |  <- add returned 2 | cost=0.000012s
2026-07-22 09:52:36 | |  |  |  |  <- chain returned 2 | cost=0.000052s
2026-07-22 09:52:36 | |  |  |  -> add(x=2, y=2)
2026-07-22 09:52:36 | |  |  |  |  <- add returned 4 | cost=0.000012s
2026-07-22 09:52:36 | |  |  |  <- chain returned 4
2026-07-22 09:52:36 | |  |  -> add(x=3, y=4)
2026-07-22 09:52:36 | |  |  |  <- add returned 7 | cost=0.000012s
2026-07-22 09:52:36 | |  |  <- chain returned 7
2026-07-22 09:52:36 | |  <- fun returned 7 | cost=0.000229s
2026-07-22 09:52:36 | -> fib(n=3)
2026-07-22 09:52:36 | |  -> fib(n=1)
2026-07-22 09:52:36 | |  |  <- fib returned 1 | cost=0.000012s
2026-07-22 09:52:36 | |  -> fib(n=2)
2026-07-22 09:52:36 | |  |  -> fib(n=0)
2026-07-22 09:52:36 | |  |  |  <- fib returned 0 | cost=0.000011s
2026-07-22 09:52:36 | |  |  -> fib(n=1)
2026-07-22 09:52:36 | |  |  |  <- fib returned 1 | cost=0.000011s
2026-07-22 09:52:36 | |  |  <- fib returned 1
2026-07-22 09:52:36 | |  <- fib returned 2
2026-07-22 09:53:49 | -> fun()
2026-07-22 09:53:49 | |  -> chain(n=3)
2026-07-22 09:53:49 | |  |  -> chain(n=2)
2026-07-22 09:53:49 | |  |  |  -> chain(n=1)
2026-07-22 09:53:49 | |  |  |  |  -> add(x=1, y=1)
2026-07-22 09:53:49 | |  |  |  |  |  <- add returned 2 | cost=0.000016s
2026-07-22 09:53:49 | |  |  |  |  <- chain returned 2 | cost=0.000053s
2026-07-22 09:53:49 | |  |  |  -> add(x=2, y=2)
2026-07-22 09:53:49 | |  |  |  |  <- add returned 4 | cost=0.000014s
2026-07-22 09:53:49 | |  |  |  <- chain returned 4
2026-07-22 09:53:49 | |  |  -> add(x=3, y=4)
2026-07-22 09:53:49 | |  |  |  <- add returned 7 | cost=0.000012s
2026-07-22 09:53:49 | |  |  <- chain returned 7
2026-07-22 09:53:49 | |  <- fun returned 7 | cost=0.000256s
2026-07-22 09:53:49 | -> fib(n=3)
2026-07-22 09:53:49 | |  -> fib(n=1)
2026-07-22 09:53:49 | |  |  <- fib returned 1 | cost=0.000015s
2026-07-22 09:53:49 | |  -> fib(n=2)
2026-07-22 09:53:49 | |  |  -> fib(n=0)
2026-07-22 09:53:49 | |  |  |  <- fib returned 0 | cost=0.000013s
2026-07-22 09:53:49 | |  |  -> fib(n=1)
2026-07-22 09:53:49 | |  |  |  <- fib returned 1 | cost=0.000013s
2026-07-22 09:53:49 | |  |  <- fib returned 1
2026-07-22 09:53:49 | |  <- fib returned 2
2026-07-22 09:58:03 | -> fun()
2026-07-22 09:58:03 | |  -> chain(n=3)
2026-07-22 09:58:03 | |  |  -> chain(n=2)
2026-07-22 09:58:03 | |  |  |  -> chain(n=1)
2026-07-22 09:58:03 | |  |  |  |  -> add(x=1, y=1)
2026-07-22 09:58:03 | |  |  |  |  |  <- add returned 2 | cost=0.000014s
2026-07-22 09:58:03 | |  |  |  |  <- chain returned 2 | cost=0.000054s
2026-07-22 09:58:03 | |  |  |  -> add(x=2, y=2)
2026-07-22 09:58:03 | |  |  |  |  <- add returned 4 | cost=0.000012s
2026-07-22 09:58:03 | |  |  |  <- chain returned 4 | cost=0.000104s
2026-07-22 09:58:03 | |  |  -> add(x=3, y=4)
2026-07-22 09:58:03 | |  |  |  <- add returned 7 | cost=0.000012s
2026-07-22 09:58:03 | |  |  <- chain returned 7 | cost=0.000158s
2026-07-22 09:58:03 | |  <- fun returned 7 | cost=0.000224s
2026-07-22 09:58:03 | -> fib(n=3)
2026-07-22 09:58:03 | |  -> fib(n=1)
2026-07-22 09:58:03 | |  |  <- fib returned 1 | cost=0.000013s
2026-07-22 09:58:03 | |  -> fib(n=2)
2026-07-22 09:58:03 | |  |  -> fib(n=0)
2026-07-22 09:58:03 | |  |  |  <- fib returned 0 | cost=0.000014s
2026-07-22 09:58:03 | |  |  -> fib(n=1)
2026-07-22 09:58:03 | |  |  |  <- fib returned 1 | cost=0.000018s
2026-07-22 09:58:03 | |  |  <- fib returned 1 | cost=0.000076s
2026-07-22 09:58:03 | |  <- fib returned 2 | cost=0.000131s
2026-07-22 09:58:21 | -> fun()
2026-07-22 09:58:21 | |  -> chain(n=3)
2026-07-22 09:58:21 | |  |  -> chain(n=2)
2026-07-22 09:58:21 | |  |  |  -> chain(n=1)
2026-07-22 09:58:21 | |  |  |  |  -> add(x=1, y=1)
2026-07-22 09:58:21 | |  |  |  |  |  <- add returned 2 | cost=0.000011s
2026-07-22 09:58:21 | |  |  |  |  <- chain returned 2 | cost=0.000040s
2026-07-22 09:58:21 | |  |  |  -> add(x=2, y=2)
2026-07-22 09:58:21 | |  |  |  |  <- add returned 4 | cost=0.000030s
2026-07-22 09:58:21 | |  |  |  <- chain returned 4 | cost=0.000109s
2026-07-22 09:58:21 | |  |  -> add(x=3, y=4)
2026-07-22 09:58:21 | |  |  |  <- add returned 7 | cost=0.000011s
2026-07-22 09:58:21 | |  |  <- chain returned 7 | cost=0.000161s
2026-07-22 09:58:21 | |  <- fun returned 7 | cost=0.000230s
2026-07-22 09:58:21 | -> fib(n=3)
2026-07-22 09:58:21 | |  -> fib(n=1)
2026-07-22 09:58:21 | |  |  <- fib returned 1 | cost=0.000012s
2026-07-22 09:58:21 | |  -> fib(n=2)
2026-07-22 09:58:21 | |  |  -> fib(n=0)
2026-07-22 09:58:21 | |  |  |  <- fib returned 0 | cost=0.000016s
2026-07-22 09:58:21 | |  |  -> fib(n=1)
2026-07-22 09:58:21 | |  |  |  <- fib returned 1 | cost=0.000011s
2026-07-22 09:58:21 | |  |  <- fib returned 1 | cost=0.000063s
2026-07-22 09:58:21 | |  <- fib returned 2 | cost=0.000110s
2026-07-22 10:04:10 | -> fun()
2026-07-22 10:04:10 | |  -> chain(n=3)
2026-07-22 10:04:10 | |  |  -> chain(n=2)
2026-07-22 10:04:10 | |  |  |  -> chain(n=1)
2026-07-22 10:04:10 | |  |  |  |  -> add(x=1, y=1)
2026-07-22 10:04:10 | |  |  |  |  |  <- add returned 2 | cost=0.000013s
2026-07-22 10:04:10 | |  |  |  |  <- chain returned 2 | cost=0.000042s
2026-07-22 10:04:10 | |  |  |  -> add(x=2, y=2)
2026-07-22 10:04:10 | |  |  |  |  <- add returned 4 | cost=0.000012s
2026-07-22 10:04:10 | |  |  |  <- chain returned 4 | cost=0.000092s
2026-07-22 10:04:10 | |  |  -> add(x=3, y=4)
2026-07-22 10:04:10 | |  |  |  <- add returned 7 | cost=0.000012s
2026-07-22 10:04:10 | |  |  <- chain returned 7 | cost=0.000150s
2026-07-22 10:04:10 | |  <- fun returned 7 | cost=0.000223s
2026-07-22 10:04:10 | -> fib(n=3)
2026-07-22 10:04:10 | |  -> fib(n=1)
2026-07-22 10:04:10 | |  |  <- fib returned 1 | cost=0.000012s
2026-07-22 10:04:10 | |  -> fib(n=2)
2026-07-22 10:04:10 | |  |  -> fib(n=0)
2026-07-22 10:04:10 | |  |  |  <- fib returned 0 | cost=0.000011s
2026-07-22 10:04:10 | |  |  -> fib(n=1)
2026-07-22 10:04:10 | |  |  |  <- fib returned 1 | cost=0.000011s
2026-07-22 10:04:10 | |  |  <- fib returned 1 | cost=0.000059s
2026-07-22 10:04:10 | |  <- fib returned 2 | cost=0.000115s
2026-07-22 14:50:40 | -> fun()
2026-07-22 14:50:40 | |  -> chain(n=3)
2026-07-22 14:50:40 | |  |  -> chain(n=2)
2026-07-22 14:50:40 | |  |  |  -> chain(n=1)
2026-07-22 14:50:40 | |  |  |  |  -> add(x=1, y=1)
2026-07-22 14:50:40 | |  |  |  |  |  <- add returned 2
2026-07-22 14:50:40 | |  |  |  |  <- chain returned 2
2026-07-22 14:50:40 | |  |  |  -> add(x=2, y=2)
2026-07-22 14:50:40 | |  |  |  |  <- add returned 4
2026-07-22 14:50:40 | |  |  |  <- chain returned 4
2026-07-22 14:50:40 | |  |  -> add(x=3, y=4)
2026-07-22 14:50:40 | |  |  |  <- add returned 7
2026-07-22 14:50:40 | |  |  <- chain returned 7
2026-07-22 14:50:40 | |  <- fun returned 7
2026-07-22 14:50:40 | -> fib(n=3)
2026-07-22 14:50:40 | |  -> fib(n=1)
2026-07-22 14:50:40 | |  |  <- fib returned 1
2026-07-22 14:50:40 | |  -> fib(n=2)
2026-07-22 14:50:40 | |  |  -> fib(n=0)
2026-07-22 14:50:40 | |  |  |  <- fib returned 0
2026-07-22 14:50:40 | |  |  -> fib(n=1)
2026-07-22 14:50:40 | |  |  |  <- fib returned 1
2026-07-22 14:50:40 | |  |  <- fib returned 1
2026-07-22 14:50:40 | |  <- fib returned 2
2026-07-22 14:51:58 | -> fun()
2026-07-22 14:51:58 | |  -> chain(n=3)
2026-07-22 14:51:58 | |  |  -> chain(n=2)
2026-07-22 14:51:58 | |  |  |  -> chain(n=1)
2026-07-22 14:51:58 | |  |  |  |  -> add(x=1, y=1)
2026-07-22 14:51:58 | |  |  |  |  |  <- add returned 2
2026-07-22 14:51:58 | |  |  |  |  <- chain returned 2
2026-07-22 14:51:58 | |  |  |  -> add(x=2, y=2)
2026-07-22 14:51:58 | |  |  |  |  <- add returned 4
2026-07-22 14:51:58 | |  |  |  <- chain returned 4
2026-07-22 14:51:58 | |  |  -> add(x=3, y=4)
2026-07-22 14:51:58 | |  |  |  <- add returned 7
2026-07-22 14:51:58 | |  |  <- chain returned 7
2026-07-22 14:51:58 | |  <- fun returned 7
2026-07-22 14:51:58 | -> fib(n=3)
2026-07-22 14:51:58 | |  -> fib(n=1)
2026-07-22 14:51:58 | |  |  <- fib returned 1
2026-07-22 14:51:58 | |  -> fib(n=2)
2026-07-22 14:51:58 | |  |  -> fib(n=0)
2026-07-22 14:51:58 | |  |  |  <- fib returned 0
2026-07-22 14:51:58 | |  |  -> fib(n=1)
2026-07-22 14:51:58 | |  |  |  <- fib returned 1
2026-07-22 14:51:58 | |  |  <- fib returned 1
2026-07-22 14:51:58 | |  <- fib returned 2
2026-07-22 14:58:00 | -> fun()
2026-07-22 14:58:00 | |  -> chain(n=3)
2026-07-22 14:58:00 | |  |  -> chain(n=2)
2026-07-22 14:58:00 | |  |  |  -> chain(n=1)
2026-07-22 14:58:00 | |  |  |  |  -> add(x=1, y=1)
2026-07-22 14:58:00 | |  |  |  |  |  <- add returned 2
2026-07-22 14:58:00 | |  |  |  |  <- chain returned 2
2026-07-22 14:58:00 | |  |  |  -> add(x=2, y=2)
2026-07-22 14:58:00 | |  |  |  |  <- add returned 4
2026-07-22 14:58:00 | |  |  |  <- chain returned 4
2026-07-22 14:58:00 | |  |  -> add(x=3, y=4)
2026-07-22 14:58:00 | |  |  |  <- add returned 7
2026-07-22 14:58:00 | |  |  <- chain returned 7
2026-07-22 14:58:00 | |  <- fun returned 7
2026-07-22 14:58:00 | -> fib(n=3)
2026-07-22 14:58:00 | |  -> fib(n=1)
2026-07-22 14:58:00 | |  |  <- fib returned 1
2026-07-22 14:58:00 | |  -> fib(n=2)
2026-07-22 14:58:00 | |  |  -> fib(n=0)
2026-07-22 14:58:00 | |  |  |  <- fib returned 0
2026-07-22 14:58:00 | |  |  -> fib(n=1)
2026-07-22 14:58:00 | |  |  |  <- fib returned 1
2026-07-22 14:58:00 | |  |  <- fib returned 1
2026-07-22 14:58:00 | |  <- fib returned 2
2026-07-22 14:59:02 | -> fun()
2026-07-22 15:12:42 | -> fun()
2026-07-22 15:12:42 | |  -> chain(n=3)
2026-07-22 15:12:42 | |  |  -> chain(n=2)
2026-07-22 15:12:42 | |  |  |  -> chain(n=1)
2026-07-22 15:12:42 | |  |  |  |  -> add(x=1, y=1)
2026-07-22 15:12:42 | |  |  |  |  |  <- add returned 2
2026-07-22 15:12:42 | |  |  |  |  <- chain returned 2
2026-07-22 15:12:42 | |  |  |  -> add(x=2, y=2)
2026-07-22 15:12:42 | |  |  |  |  <- add returned 4
2026-07-22 15:12:42 | |  |  |  <- chain returned 4
2026-07-22 15:12:42 | |  |  -> add(x=3, y=4)
2026-07-22 15:12:42 | |  |  |  <- add returned 7
2026-07-22 15:12:42 | |  |  <- chain returned 7
2026-07-22 15:12:42 | |  <- fun returned 7
2026-07-22 15:17:00 | -> fun()
2026-07-22 15:17:00 | |  -> chain(n=3)
2026-07-22 15:17:00 | |  |  -> chain(n=2)
2026-07-22 15:17:00 | |  |  |  -> chain(n=1)
2026-07-22 15:17:00 | |  |  |  |  -> add(x=1, y=1)
2026-07-22 15:17:00 | |  |  |  |  |  <- add returned 2
2026-07-22 15:17:00 | |  |  |  |  <- chain returned 2
2026-07-22 15:17:00 | |  |  |  -> add(x=2, y=2)
2026-07-22 15:17:00 | |  |  |  |  <- add returned 4
2026-07-22 15:17:00 | |  |  |  <- chain returned 4
2026-07-22 15:17:00 | |  |  -> add(x=3, y=4)
2026-07-22 15:17:00 | |  |  |  <- add returned 7
2026-07-22 15:17:00 | |  |  <- chain returned 7
2026-07-22 15:17:00 | |  <- fun returned 7
2026-07-22 15:17:03 | -> fib(n=3)
2026-07-22 15:17:03 | |  -> fib(n=1)
2026-07-22 15:17:03 | |  |  <- fib returned 1
2026-07-22 15:17:03 | |  -> fib(n=2)
2026-07-22 15:17:03 | |  |  -> fib(n=0)
2026-07-22 15:17:03 | |  |  |  <- fib returned 0
2026-07-22 15:17:03 | |  |  -> fib(n=1)
2026-07-22 15:17:03 | |  |  |  <- fib returned 1
2026-07-22 15:17:03 | |  |  <- fib returned 1
2026-07-22 15:17:03 | |  <- fib returned 2
2026-07-22 15:22:37 | -> fun()
2026-07-22 15:23:09 | -> fun()
2026-07-22 15:23:09 | |  -> chain(n=3)
2026-07-22 15:23:09 | |  |  -> chain(n=2)
2026-07-22 15:23:09 | |  |  |  -> chain(n=1)
2026-07-22 15:23:09 | |  |  |  |  -> add(x=1, y=1)
2026-07-22 15:23:09 | |  |  |  |  |  <- add returned 2
2026-07-22 15:23:09 | |  |  |  |  <- chain returned 2
2026-07-22 15:23:09 | |  |  |  -> add(x=2, y=2)
2026-07-22 15:23:09 | |  |  |  |  <- add returned 4
2026-07-22 15:23:09 | |  |  |  <- chain returned 4
2026-07-22 15:23:09 | |  |  -> add(x=3, y=4)
2026-07-22 15:23:09 | |  |  |  <- add returned 7
2026-07-22 15:23:09 | |  |  <- chain returned 7
2026-07-22 15:23:09 | |  <- fun returned 7
2026-07-22 15:23:09 | -> fib(n=3)
2026-07-22 15:23:09 | |  -> fib(n=1)
2026-07-22 15:23:09 | |  |  <- fib returned 1
2026-07-22 15:23:09 | |  -> fib(n=2)
2026-07-22 15:23:09 | |  |  -> fib(n=0)
2026-07-22 15:23:09 | |  |  |  <- fib returned 0
2026-07-22 15:23:09 | |  |  -> fib(n=1)
2026-07-22 15:23:09 | |  |  |  <- fib returned 1
2026-07-22 15:23:09 | |  |  <- fib returned 1
2026-07-22 15:23:09 | |  <- fib returned 2
2026-07-22 15:23:16 | -> fun()
2026-07-22 15:23:16 | |  -> chain(n=3)
2026-07-22 15:23:16 | |  |  -> chain(n=2)
2026-07-22 15:23:16 | |  |  |  -> chain(n=1)
2026-07-22 15:23:16 | |  |  |  |  -> add(x=1, y=1)
2026-07-22 15:23:16 | |  |  |  |  |  <- add returned 2
2026-07-22 15:23:16 | |  |  |  |  <- chain returned 2
2026-07-22 15:23:16 | |  |  |  -> add(x=2, y=2)
2026-07-22 15:23:16 | |  |  |  |  <- add returned 4
2026-07-22 15:23:16 | |  |  |  <- chain returned 4
2026-07-22 15:23:16 | |  |  -> add(x=3, y=4)
2026-07-22 15:23:16 | |  |  |  <- add returned 7
2026-07-22 15:23:16 | |  |  <- chain returned 7
2026-07-22 15:23:16 | |  <- fun returned 7
2026-07-22 15:23:16 | -> fib(n=3)
2026-07-22 15:23:16 | |  -> fib(n=1)
2026-07-22 15:23:16 | |  |  <- fib returned 1
2026-07-22 15:23:16 | |  -> fib(n=2)
2026-07-22 15:23:16 | |  |  -> fib(n=0)
2026-07-22 15:23:16 | |  |  |  <- fib returned 0
2026-07-22 15:23:16 | |  |  -> fib(n=1)
2026-07-22 15:23:16 | |  |  |  <- fib returned 1
2026-07-22 15:23:16 | |  |  <- fib returned 1
2026-07-22 15:23:16 | |  <- fib returned 2
2026-07-22 15:23:58 | -> fun()
2026-07-22 15:24:01 | |  -> chain(n=3)
2026-07-22 15:24:04 | |  |  -> chain(n=2)
2026-07-22 15:24:06 | |  |  |  -> chain(n=1)
2026-07-22 15:24:08 | |  |  |  |  -> add(x=1, y=1)
2026-07-22 15:24:10 | |  |  |  |  |  <- add returned 2
2026-07-22 15:24:17 | |  |  |  |  <- chain returned 2
2026-07-22 15:24:26 | |  |  |  -> add(x=2, y=2)
2026-07-22 15:24:29 | |  |  |  |  <- add returned 4
2026-07-22 15:24:31 | |  |  |  <- chain returned 4
2026-07-22 15:35:02 | -> fun()
2026-07-22 15:35:02 | |  -> chain(n=3)
2026-07-22 15:35:02 | |  |  -> chain(n=2)
2026-07-22 15:35:02 | |  |  |  -> chain(n=1)
2026-07-22 15:35:02 | |  |  |  |  -> add(x=1, y=1)
2026-07-22 15:35:02 | |  |  |  |  |  <- add returned 2
2026-07-22 15:35:02 | |  |  |  |  <- chain returned 2
2026-07-22 15:35:02 | |  |  |  -> add(x=2, y=2)
2026-07-22 15:35:02 | |  |  |  |  <- add returned 4
2026-07-22 15:35:02 | |  |  |  <- chain returned 4
2026-07-22 15:35:02 | |  |  -> add(x=3, y=4)
2026-07-22 15:35:02 | |  |  |  <- add returned 7
2026-07-22 15:35:02 | |  |  <- chain returned 7
2026-07-22 15:35:02 | |  <- fun returned 7
2026-07-22 15:35:02 | -> fib(n=3)
2026-07-22 15:35:02 | |  -> fib(n=1)
2026-07-22 15:35:02 | |  |  <- fib returned 1
2026-07-22 15:35:02 | |  -> fib(n=2)
2026-07-22 15:35:02 | |  |  -> fib(n=0)
2026-07-22 15:35:02 | |  |  |  <- fib returned 0
2026-07-22 15:35:02 | |  |  -> fib(n=1)
2026-07-22 15:35:02 | |  |  |  <- fib returned 1
2026-07-22 15:35:02 | |  |  <- fib returned 1
2026-07-22 15:35:02 | |  <- fib returned 2
2026-07-22 15:35:11 | -> fun()
2026-07-22 15:35:11 | |  -> chain(n=3)
2026-07-22 15:35:11 | |  |  -> chain(n=2)
2026-07-22 15:35:11 | |  |  |  -> chain(n=1)
2026-07-22 15:35:11 | |  |  |  |  -> add(x=1, y=1)
2026-07-22 15:35:11 | |  |  |  |  |  <- add returned 2 | cost=0.000003s
2026-07-22 15:35:11 | |  |  |  |  <- chain returned 2 | cost=0.000010s
2026-07-22 15:35:11 | |  |  |  -> add(x=2, y=2)
2026-07-22 15:35:11 | |  |  |  |  <- add returned 4 | cost=0.000002s
2026-07-22 15:35:11 | |  |  |  <- chain returned 4 | cost=0.000018s
2026-07-22 15:35:11 | |  |  -> add(x=3, y=4)
2026-07-22 15:35:11 | |  |  |  <- add returned 7 | cost=0.000001s
2026-07-22 15:35:11 | |  |  <- chain returned 7 | cost=0.000027s
2026-07-22 15:35:11 | |  <- fun returned 7 | cost=0.000035s
2026-07-22 15:35:11 | -> fib(n=3)
2026-07-22 15:35:11 | |  -> fib(n=1)
2026-07-22 15:35:11 | |  |  <- fib returned 1 | cost=0.000002s
2026-07-22 15:35:11 | |  -> fib(n=2)
2026-07-22 15:35:11 | |  |  -> fib(n=0)
2026-07-22 15:35:11 | |  |  |  <- fib returned 0 | cost=0.000002s
2026-07-22 15:35:11 | |  |  -> fib(n=1)
2026-07-22 15:35:11 | |  |  |  <- fib returned 1 | cost=0.000002s
2026-07-22 15:35:11 | |  |  <- fib returned 1 | cost=0.000012s
2026-07-22 15:35:11 | |  <- fib returned 2 | cost=0.000026s
2026-07-22 15:35:29 | -> fun()
2026-07-22 15:35:29 | |  -> chain(n=3)
2026-07-22 15:35:29 | |  |  -> chain(n=2)
2026-07-22 15:35:29 | |  |  |  -> chain(n=1)
2026-07-22 15:35:29 | |  |  |  |  -> add(x=1, y=1)
2026-07-22 15:35:29 | |  |  |  |  |  <- add returned 2
2026-07-22 15:35:29 | |  |  |  |  <- chain returned 2
2026-07-22 15:35:29 | |  |  |  -> add(x=2, y=2)
2026-07-22 15:35:29 | |  |  |  |  <- add returned 4
2026-07-22 15:35:29 | |  |  |  <- chain returned 4
2026-07-22 15:35:29 | |  |  -> add(x=3, y=4)
2026-07-22 15:35:29 | |  |  |  <- add returned 7
2026-07-22 15:35:29 | |  |  <- chain returned 7
2026-07-22 15:35:29 | |  <- fun returned 7
2026-07-22 15:35:31 | -> fib(n=3)
2026-07-22 15:35:31 | |  -> fib(n=1)
2026-07-22 15:35:31 | |  |  <- fib returned 1
2026-07-22 15:35:31 | |  -> fib(n=2)
2026-07-22 15:35:31 | |  |  -> fib(n=0)
2026-07-22 15:35:31 | |  |  |  <- fib returned 0
2026-07-22 15:35:31 | |  |  -> fib(n=1)
2026-07-22 15:35:31 | |  |  |  <- fib returned 1
2026-07-22 15:35:31 | |  |  <- fib returned 1
2026-07-22 15:35:31 | |  <- fib returned 2
2026-07-22 15:36:02 | -> fib(n=3)
2026-07-22 15:36:02 | |  -> fib(n=1)
2026-07-22 15:36:02 | |  |  <- fib returned 1
2026-07-22 15:36:02 | |  -> fib(n=2)
2026-07-22 15:36:02 | |  |  -> fib(n=0)
2026-07-22 15:36:02 | |  |  |  <- fib returned 0
2026-07-22 15:36:02 | |  |  -> fib(n=1)
2026-07-22 15:36:02 | |  |  |  <- fib returned 1
2026-07-22 15:36:02 | |  |  <- fib returned 1
2026-07-22 15:36:02 | |  <- fib returned 2
2026-07-22 15:49:20 | -> fun()
2026-07-22 15:49:20 | |  -> chain(n=3)
2026-07-22 15:49:20 | |  |  -> chain(n=2)
2026-07-22 15:49:20 | |  |  |  -> chain(n=1)
2026-07-22 15:49:20 | |  |  |  |  -> add(x=1, y=1)
2026-07-22 15:49:20 | |  |  |  |  |  <- add returned 2
2026-07-22 15:49:20 | |  |  |  |  <- chain returned 2
2026-07-22 15:49:20 | |  |  |  -> add(x=2, y=2)
2026-07-22 15:49:20 | |  |  |  |  <- add returned 4
2026-07-22 15:49:20 | |  |  |  <- chain returned 4
2026-07-22 15:49:20 | |  |  -> add(x=3, y=4)
2026-07-22 15:49:20 | |  |  |  <- add returned 7
2026-07-22 15:49:20 | |  |  <- chain returned 7
2026-07-22 15:49:20 | |  <- fun returned 7
2026-07-22 15:49:24 | -> fib(n=3)
2026-07-22 15:49:24 | |  -> fib(n=1)
2026-07-22 15:49:24 | |  |  <- fib returned 1
2026-07-22 15:49:24 | |  -> fib(n=2)
2026-07-22 15:49:24 | |  |  -> fib(n=0)
2026-07-22 15:49:24 | |  |  |  <- fib returned 0
2026-07-22 15:49:24 | |  |  -> fib(n=1)
2026-07-22 15:49:24 | |  |  |  <- fib returned 1
2026-07-22 15:49:24 | |  |  <- fib returned 1
2026-07-22 15:49:24 | |  <- fib returned 2
2026-07-22 15:54:34 | -> fun()
2026-07-22 15:54:34 | |  -> chain(n=3)
2026-07-22 15:54:34 | |  |  -> chain(n=2)
2026-07-22 15:54:34 | |  |  |  -> chain(n=1)
2026-07-22 15:54:34 | |  |  |  |  -> add(x=1, y=1)
2026-07-22 15:54:34 | |  |  |  |  |  <- add returned 2
2026-07-22 15:54:34 | |  |  |  |  <- chain returned 2
2026-07-22 15:54:34 | |  |  |  -> add(x=2, y=2)
2026-07-22 15:54:34 | |  |  |  |  <- add returned 4
2026-07-22 15:54:34 | |  |  |  <- chain returned 4
2026-07-22 15:54:34 | |  |  -> add(x=3, y=4)
2026-07-22 15:54:34 | |  |  |  <- add returned 7
2026-07-22 15:54:34 | |  |  <- chain returned 7
2026-07-22 15:54:34 | |  <- fun returned 7
2026-07-22 15:54:37 | -> fib(n=3)
2026-07-22 15:54:37 | |  -> fib(n=1)
2026-07-22 15:54:37 | |  |  <- fib returned 1
2026-07-22 15:54:37 | |  -> fib(n=2)
2026-07-22 15:54:37 | |  |  -> fib(n=0)
2026-07-22 15:54:37 | |  |  |  <- fib returned 0
2026-07-22 15:54:37 | |  |  -> fib(n=1)
2026-07-22 15:54:37 | |  |  |  <- fib returned 1
2026-07-22 15:54:37 | |  |  <- fib returned 1
2026-07-22 15:54:37 | |  <- fib returned 2
2026-07-22 15:56:37 | -> fun()
2026-07-22 15:56:37 | |  -> chain(n=3)
2026-07-22 15:56:37 | |  |  -> chain(n=2)
2026-07-22 15:56:37 | |  |  |  -> chain(n=1)
2026-07-22 15:56:37 | |  |  |  |  -> add(x=1, y=1)
2026-07-22 15:56:37 | |  |  |  |  |  <- add returned 2
2026-07-22 15:56:37 | |  |  |  |  <- chain returned 2
2026-07-22 15:56:37 | |  |  |  -> add(x=2, y=2)
2026-07-22 15:56:37 | |  |  |  |  <- add returned 4
2026-07-22 15:56:37 | |  |  |  <- chain returned 4
2026-07-22 15:56:37 | |  |  -> add(x=3, y=4)
2026-07-22 15:56:37 | |  |  |  <- add returned 7
2026-07-22 15:56:37 | |  |  <- chain returned 7
2026-07-22 15:56:37 | |  <- fun returned 7
2026-07-22 15:56:47 | -> fib(n=3)
2026-07-22 15:56:47 | |  -> fib(n=1)
2026-07-22 15:56:47 | |  |  <- fib returned 1
2026-07-22 15:56:47 | |  -> fib(n=2)
2026-07-22 15:56:47 | |  |  -> fib(n=0)
2026-07-22 15:56:47 | |  |  |  <- fib returned 0
2026-07-22 15:56:47 | |  |  -> fib(n=1)
2026-07-22 15:56:47 | |  |  |  <- fib returned 1
2026-07-22 15:56:47 | |  |  <- fib returned 1
2026-07-22 15:56:47 | |  <- fib returned 2
2026-07-22 15:58:11 | -> fun()
2026-07-22 15:58:11 | |  -> chain(n=3)
2026-07-22 15:58:11 | |  |  -> chain(n=2)
2026-07-22 15:58:11 | |  |  |  -> chain(n=1)
2026-07-22 15:58:11 | |  |  |  |  -> add(x=1, y=1)
2026-07-22 15:58:11 | |  |  |  |  |  <- add returned 2
2026-07-22 15:58:11 | |  |  |  |  <- chain returned 2
2026-07-22 15:58:11 | |  |  |  -> add(x=2, y=2)
2026-07-22 15:58:11 | |  |  |  |  <- add returned 4
2026-07-22 15:58:11 | |  |  |  <- chain returned 4
2026-07-22 15:58:11 | |  |  -> add(x=3, y=4)
2026-07-22 15:58:11 | |  |  |  <- add returned 7
2026-07-22 15:58:11 | |  |  <- chain returned 7
2026-07-22 15:58:11 | |  <- fun returned 7
2026-07-22 16:10:36 | -> fun()
2026-07-22 16:10:36 | |  -> chain(n=3)
2026-07-22 16:10:36 | |  |  -> chain(n=2)
2026-07-22 16:10:36 | |  |  |  -> chain(n=1)
2026-07-22 16:10:36 | |  |  |  |  -> add(x=1, y=1)
2026-07-22 16:10:36 | |  |  |  |  |  <- add returned 2
2026-07-22 16:10:36 | |  |  |  |  <- chain returned 2
2026-07-22 16:10:36 | |  |  |  -> add(x=2, y=2)
2026-07-22 16:10:36 | |  |  |  |  <- add returned 4
2026-07-22 16:10:36 | |  |  |  <- chain returned 4
2026-07-22 16:10:36 | |  |  -> add(x=3, y=4)
2026-07-22 16:10:36 | |  |  |  <- add returned 7
2026-07-22 16:10:36 | |  |  <- chain returned 7
2026-07-22 16:10:36 | |  <- fun returned 7
2026-07-22 16:10:36 | -> fib(n=3)
2026-07-22 16:10:36 | |  -> fib(n=1)
2026-07-22 16:10:36 | |  |  <- fib returned 1
2026-07-22 16:10:36 | |  -> fib(n=2)
2026-07-22 16:10:36 | |  |  -> fib(n=0)
2026-07-22 16:10:36 | |  |  |  <- fib returned 0
2026-07-22 16:10:36 | |  |  -> fib(n=1)
2026-07-22 16:10:36 | |  |  |  <- fib returned 1
2026-07-22 16:10:36 | |  |  <- fib returned 1
2026-07-22 16:10:36 | |  <- fib returned 2
2026-07-22 16:12:01 | -> fib(n=2)
2026-07-22 16:12:01 | |  -> fib(n=0)
2026-07-22 16:12:01 | |  |  <- fib returned 0
2026-07-22 16:12:01 | |  -> fib(n=1)
2026-07-22 16:12:01 | |  |  <- fib returned 1
2026-07-22 16:12:01 | |  <- fib returned 1
2026-07-22 16:21:21 | -> fun()
2026-07-22 16:21:21 | |  -> chain(n=3)
2026-07-22 16:21:21 | |  |  -> chain(n=2)
2026-07-22 16:21:21 | |  |  |  -> chain(n=1)
2026-07-22 16:21:21 | |  |  |  |  -> add(x=1, y=1)
2026-07-22 16:21:21 | |  |  |  |  |  <- add returned 2
2026-07-22 16:21:21 | |  |  |  |  <- chain returned 2
2026-07-22 16:21:21 | |  |  |  -> add(x=2, y=2)
2026-07-22 16:21:21 | |  |  |  |  <- add returned 4
2026-07-22 16:21:21 | |  |  |  <- chain returned 4
2026-07-22 16:21:21 | |  |  -> add(x=3, y=4)
2026-07-22 16:21:21 | |  |  |  <- add returned 7
2026-07-22 16:21:21 | |  |  <- chain returned 7
2026-07-22 16:21:21 | |  <- fun returned 7
2026-07-22 16:21:23 | -> fib(n=3)
2026-07-22 16:21:23 | |  -> fib(n=1)
2026-07-22 16:21:23 | |  |  <- fib returned 1
2026-07-22 16:21:23 | |  -> fib(n=2)
2026-07-22 16:21:23 | |  |  -> fib(n=0)
2026-07-22 16:21:23 | |  |  |  <- fib returned 0
2026-07-22 16:21:23 | |  |  -> fib(n=1)
2026-07-22 16:21:23 | |  |  |  <- fib returned 1
2026-07-22 16:21:23 | |  |  <- fib returned 1
2026-07-22 16:21:23 | |  <- fib returned 2
2026-07-22 16:24:55 | -> fib(n=2)
2026-07-22 16:24:55 | |  -> fib(n=0)
2026-07-22 16:24:55 | |  |  <- fib returned 0
2026-07-22 16:24:55 | |  -> fib(n=1)
2026-07-22 16:24:55 | |  |  <- fib returned 1
2026-07-22 16:24:55 | |  <- fib returned 1
